// Jest Snapshot v1, https://goo.gl/fbAQLP

exports[`App renders corrrectly 1`] = `
<DocumentFragment>
  <header
    class="Header__wrapper"
  >
    <div
      class="bpk-content-bubble__wrapper bpk-content-bubble__wrapper--with-pointer Header__flare"
    >
      <div
        class="bpk-content-bubble__container"
      >
        <div
          class="bpk-content-bubble__content-wrapper"
        >
          <div>
            <a
              class="Header__logo"
              href="https://skyscanner.net"
            >
              <img
                alt="Skyscanner"
                src="https://content.skyscnr.com/m/3230a6e7077dfab/original/Skyscanner_Logo_LockupHorizontal_White_RGB.svg"
              />
            </a>
            <div
              class="Header__inner"
            />
          </div>
        </div>
        <div
          class="bpk-flare-bar__container bpk-content-bubble__pointer"
        >
          <svg
            class="bpk-flare-bar__curve"
            viewBox="0 0 14832 55"
          >
            <path
              d="M7501.307 8.517l-68.043 39.341c-10.632 6.185-23.795 6.185-34.528 0l-68.144-39.34c-8.91-5.173-18.988-8.215-29.316-8.518H0v55h14832V0H7530.671a63.604 63.604 0 00-29.364 8.517z"
            />
          </svg>
        </div>
      </div>
    </div>
  </header>
</DocumentFragment>
`;
